<?xml version="1.0" encoding="UTF-8"?>
<TestRun id="932b659e-09b4-4b6f-86e1-41f1ef657789" name="lenovo@WSCNS400_V 2012-03-20 18:27:31" runUser="WSCNS400_V\lenovo" xmlns="http://microsoft.com/schemas/VisualStudio/TeamTest/2010">
  <TestSettings name="Local" id="4c445a77-c5eb-4fa4-a307-8d69a027c82f">
    <Description>These are default test settings for a local test run.</Description>
    <Deployment enabled="false" runDeploymentRoot="lenovo_WSCNS400_V 2012-03-20 18_27_31">
      <DeploymentItem filename="F:\InternalFramework\Brilliantech.Framework\Brilliantech.Framework\bin\Debug\Brilliantech.Framework.dll" />
      <DeploymentItem filename="C:\Users\lenovo\Desktop\SVW_KSK_SYSTEM_TRUNK_CODE_new\DataFactory1\bin\Debug\DataCollection.dll" />
      <DeploymentItem filename="C:\Users\lenovo\Desktop\项目\用户管理\Code\SessionManager\SessionManager\bin\Debug\MongoDB.Bson.dll" />
      <DeploymentItem filename="C:\Users\lenovo\Desktop\项目\用户管理\Code\SessionManager\SessionManager\bin\Debug\MongoDB.Driver.dll" />
    </Deployment>
    <Execution>
      <TestTypeSpecific />
      <AgentRule name="Execution Agents">
      </AgentRule>
    </Execution>
  </TestSettings>
  <Times creation="2012-03-20T18:27:31.7827045+08:00" queuing="2012-03-20T18:27:31.8977110+08:00" start="2012-03-20T18:27:31.9337131+08:00" finish="2012-03-20T18:27:38.6460970+08:00" />
  <ResultSummary outcome="Failed">
    <Counters total="6" executed="6" error="0" failed="6" timeout="0" aborted="0" inconclusive="0" passedButRunAborted="0" notRunnable="0" notExecuted="0" disconnected="0" warning="0" passed="0" completed="0" inProgress="0" pending="0" />
  </ResultSummary>
  <TestDefinitions>
    <UnitTest name="CollectionTest" storage="f:\internalframework\brilliantech.framework\testprojectframework\bin\debug\testprojectframework.dll" id="694c0ec0-6ca6-feb5-c26d-0e3ae4d7fe72">
      <Execution id="497bf9fa-351f-4e5a-b5dd-5fb87ed0cbf0" />
      <TestMethod codeBase="F:/InternalFramework/Brilliantech.Framework/TestProjectFramework/bin/Debug/TestProjectFramework.DLL" adapterTypeName="Microsoft.VisualStudio.TestTools.TestTypes.Unit.UnitTestAdapter, Microsoft.VisualStudio.QualityTools.Tips.UnitTest.Adapter, Version=10.0.0.0, Culture=neutral, PublicKeyToken=b03f5f7f11d50a3a" className="TestProjectFramework.MongoDBContextTest, TestProjectFramework, Version=1.0.0.0, Culture=neutral, PublicKeyToken=null" name="CollectionTest" />
    </UnitTest>
    <UnitTest name="MongoDBContextConstructorTest1" storage="f:\internalframework\brilliantech.framework\testprojectframework\bin\debug\testprojectframework.dll" id="2f440515-0bf2-29a9-3065-24fed161f311">
      <Execution id="99620bc4-82f3-4b7e-9884-c0ebe801e75b" />
      <TestMethod codeBase="F:/InternalFramework/Brilliantech.Framework/TestProjectFramework/bin/Debug/TestProjectFramework.DLL" adapterTypeName="Microsoft.VisualStudio.TestTools.TestTypes.Unit.UnitTestAdapter, Microsoft.VisualStudio.QualityTools.Tips.UnitTest.Adapter, Version=10.0.0.0, Culture=neutral, PublicKeyToken=b03f5f7f11d50a3a" className="TestProjectFramework.MongoDBContextTest, TestProjectFramework, Version=1.0.0.0, Culture=neutral, PublicKeyToken=null" name="MongoDBContextConstructorTest1" />
    </UnitTest>
    <UnitTest name="ConnStrTest" storage="f:\internalframework\brilliantech.framework\testprojectframework\bin\debug\testprojectframework.dll" id="011f6b93-43a0-d27b-f022-74304f4fb0de">
      <Execution id="1bfd258c-9000-410f-bafe-df7de704c6ec" />
      <TestMethod codeBase="F:/InternalFramework/Brilliantech.Framework/TestProjectFramework/bin/Debug/TestProjectFramework.DLL" adapterTypeName="Microsoft.VisualStudio.TestTools.TestTypes.Unit.UnitTestAdapter, Microsoft.VisualStudio.QualityTools.Tips.UnitTest.Adapter, Version=10.0.0.0, Culture=neutral, PublicKeyToken=b03f5f7f11d50a3a" className="TestProjectFramework.MongoDBContextTest, TestProjectFramework, Version=1.0.0.0, Culture=neutral, PublicKeyToken=null" name="ConnStrTest" />
    </UnitTest>
    <UnitTest name="MongoDBContextConstructorTest" storage="f:\internalframework\brilliantech.framework\testprojectframework\bin\debug\testprojectframework.dll" id="c4be6293-62a1-7af0-59c1-fb94bda8793f">
      <Execution id="8a8c8a35-1a53-4893-a82c-41f0d5e891db" />
      <TestMethod codeBase="F:/InternalFramework/Brilliantech.Framework/TestProjectFramework/bin/Debug/TestProjectFramework.DLL" adapterTypeName="Microsoft.VisualStudio.TestTools.TestTypes.Unit.UnitTestAdapter, Microsoft.VisualStudio.QualityTools.Tips.UnitTest.Adapter, Version=10.0.0.0, Culture=neutral, PublicKeyToken=b03f5f7f11d50a3a" className="TestProjectFramework.MongoDBContextTest, TestProjectFramework, Version=1.0.0.0, Culture=neutral, PublicKeyToken=null" name="MongoDBContextConstructorTest" />
    </UnitTest>
    <UnitTest name="MongoInstanceTest" storage="f:\internalframework\brilliantech.framework\testprojectframework\bin\debug\testprojectframework.dll" id="2188971a-235b-3a95-94ee-0c56faf3b048">
      <Execution id="533a07f1-3d25-4e9c-9b30-a33f3ddf939c" />
      <TestMethod codeBase="F:/InternalFramework/Brilliantech.Framework/TestProjectFramework/bin/Debug/TestProjectFramework.DLL" adapterTypeName="Microsoft.VisualStudio.TestTools.TestTypes.Unit.UnitTestAdapter, Microsoft.VisualStudio.QualityTools.Tips.UnitTest.Adapter, Version=10.0.0.0, Culture=neutral, PublicKeyToken=b03f5f7f11d50a3a" className="TestProjectFramework.MongoDBContextTest, TestProjectFramework, Version=1.0.0.0, Culture=neutral, PublicKeyToken=null" name="MongoInstanceTest" />
    </UnitTest>
    <UnitTest name="DBTest" storage="f:\internalframework\brilliantech.framework\testprojectframework\bin\debug\testprojectframework.dll" id="578bba96-2d20-5a6e-fc15-ccbad05b63d5">
      <Execution id="6e65d3ea-491d-4dee-8cef-834631f7c1a7" />
      <TestMethod codeBase="F:/InternalFramework/Brilliantech.Framework/TestProjectFramework/bin/Debug/TestProjectFramework.DLL" adapterTypeName="Microsoft.VisualStudio.TestTools.TestTypes.Unit.UnitTestAdapter, Microsoft.VisualStudio.QualityTools.Tips.UnitTest.Adapter, Version=10.0.0.0, Culture=neutral, PublicKeyToken=b03f5f7f11d50a3a" className="TestProjectFramework.MongoDBContextTest, TestProjectFramework, Version=1.0.0.0, Culture=neutral, PublicKeyToken=null" name="DBTest" />
    </UnitTest>
  </TestDefinitions>
  <TestLists>
    <TestList name="Results Not in a List" id="8c84fa94-04c1-424b-9868-57a2d4851a1d" />
    <TestList name="All Loaded Results" id="19431567-8539-422a-85d7-44ee4e166bda" />
  </TestLists>
  <TestEntries>
    <TestEntry testId="011f6b93-43a0-d27b-f022-74304f4fb0de" executionId="1bfd258c-9000-410f-bafe-df7de704c6ec" testListId="8c84fa94-04c1-424b-9868-57a2d4851a1d" />
    <TestEntry testId="2188971a-235b-3a95-94ee-0c56faf3b048" executionId="533a07f1-3d25-4e9c-9b30-a33f3ddf939c" testListId="8c84fa94-04c1-424b-9868-57a2d4851a1d" />
    <TestEntry testId="2f440515-0bf2-29a9-3065-24fed161f311" executionId="99620bc4-82f3-4b7e-9884-c0ebe801e75b" testListId="8c84fa94-04c1-424b-9868-57a2d4851a1d" />
    <TestEntry testId="578bba96-2d20-5a6e-fc15-ccbad05b63d5" executionId="6e65d3ea-491d-4dee-8cef-834631f7c1a7" testListId="8c84fa94-04c1-424b-9868-57a2d4851a1d" />
    <TestEntry testId="694c0ec0-6ca6-feb5-c26d-0e3ae4d7fe72" executionId="497bf9fa-351f-4e5a-b5dd-5fb87ed0cbf0" testListId="8c84fa94-04c1-424b-9868-57a2d4851a1d" />
    <TestEntry testId="c4be6293-62a1-7af0-59c1-fb94bda8793f" executionId="8a8c8a35-1a53-4893-a82c-41f0d5e891db" testListId="8c84fa94-04c1-424b-9868-57a2d4851a1d" />
  </TestEntries>
  <Results>
    <UnitTestResult executionId="1bfd258c-9000-410f-bafe-df7de704c6ec" testId="011f6b93-43a0-d27b-f022-74304f4fb0de" testName="ConnStrTest" computerName="WSCNS400_V" duration="00:00:01.1817191" startTime="2012-03-20T18:27:31.9547143+08:00" endTime="2012-03-20T18:27:33.5058030+08:00" testType="13cdc9d9-ddb5-4fa4-a97d-d965ccfc6d4b" outcome="Failed" testListId="8c84fa94-04c1-424b-9868-57a2d4851a1d" relativeResultsDirectory="1bfd258c-9000-410f-bafe-df7de704c6ec">
      <Output>
        <ErrorInfo>
          <Message>Test method TestProjectFramework.MongoDBContextTest.ConnStrTest threw exception: 
MongoDB.Driver.MongoConnectionException: Unable to connect to server. ---&gt; System.Net.Sockets.SocketException: 由于目标计算机积极拒绝，无法连接。 127.0.0.1:27017</Message>
          <StackTrace>    at System.Net.Sockets.Socket.DoConnect(EndPoint endPointSnapshot, SocketAddress socketAddress)
   at System.Net.Sockets.Socket.Connect(EndPoint remoteEP)
   at System.Net.Sockets.TcpClient.Connect(IPEndPoint remoteEP)
   at MongoDB.Driver.Internal.MongoConnection.Open() in C:\work\10gen\mongodb\mongo-csharp-driver\Driver\Internal\MongoConnection.cs:line 266
   at MongoDB.Driver.Internal.MongoConnection.GetNetworkStream() in C:\work\10gen\mongodb\mongo-csharp-driver\Driver\Internal\MongoConnection.cs:line 409
   at MongoDB.Driver.Internal.MongoConnection.SendMessage(MongoRequestMessage message, SafeMode safeMode) in C:\work\10gen\mongodb\mongo-csharp-driver\Driver\Internal\MongoConnection.cs:line 377
   at MongoDB.Driver.Internal.MongoConnection.RunCommand(String collectionName, QueryFlags queryFlags, CommandDocument command) in C:\work\10gen\mongodb\mongo-csharp-driver\Driver\Internal\MongoConnection.cs:line 296
   at MongoDB.Driver.MongoServerInstance.Connect(Boolean slaveOk) in C:\work\10gen\mongodb\mongo-csharp-driver\Driver\Core\MongoServerInstance.cs:line 252
   at MongoDB.Driver.Internal.DirectConnector.Connect(TimeSpan timeout) in C:\work\10gen\mongodb\mongo-csharp-driver\Driver\Internal\DirectConnector.cs:line 53
 --- End of inner exception stack trace ---
    at MongoDB.Driver.Internal.DirectConnector.Connect(TimeSpan timeout) in C:\work\10gen\mongodb\mongo-csharp-driver\Driver\Internal\DirectConnector.cs:line 67
   at MongoDB.Driver.MongoServer.Connect(TimeSpan timeout) in C:\work\10gen\mongodb\mongo-csharp-driver\Driver\Core\MongoServer.cs:line 431
   at MongoDB.Driver.MongoServer.Connect() in C:\work\10gen\mongodb\mongo-csharp-driver\Driver\Core\MongoServer.cs:line 415
   at MongoDB.Driver.MongoServer.GetServerInstance(Boolean slaveOk) in C:\work\10gen\mongodb\mongo-csharp-driver\Driver\Core\MongoServer.cs:line 949
   at MongoDB.Driver.MongoServer.AcquireConnection(MongoDatabase database, Boolean slaveOk) in C:\work\10gen\mongodb\mongo-csharp-driver\Driver\Core\MongoServer.cs:line 892
   at MongoDB.Driver.MongoCursorEnumerator`1.AcquireConnection() in C:\work\10gen\mongodb\mongo-csharp-driver\Driver\Core\MongoCursorEnumerator.cs:line 184
   at MongoDB.Driver.MongoCursorEnumerator`1.GetFirst() in C:\work\10gen\mongodb\mongo-csharp-driver\Driver\Core\MongoCursorEnumerator.cs:line 194
   at MongoDB.Driver.MongoCursorEnumerator`1.MoveNext() in C:\work\10gen\mongodb\mongo-csharp-driver\Driver\Core\MongoCursorEnumerator.cs:line 126
   at MongoDB.Driver.MongoDatabase.GetCollectionNames() in C:\work\10gen\mongodb\mongo-csharp-driver\Driver\Core\MongoDatabase.cs:line 649
   at Brilliantech.Framework.Utilities.DBUtil.MongoDB.MongoDBContext..ctor(String connStr, String db) in F:\InternalFramework\Brilliantech.Framework\Brilliantech.Framework\Utilities\DBUtil\MongoDB\MongoDBContext.vb:line 21
   at Brilliantech.Framework.Utilities.DBUtil.MongoDB.MongoDBContext..ctor() in F:\InternalFramework\Brilliantech.Framework\Brilliantech.Framework\Utilities\DBUtil\MongoDB\MongoDBContext.vb:line 33
   at TestProjectFramework.MongoDBContextTest.ConnStrTest() in F:\InternalFramework\Brilliantech.Framework\TestProjectFramework\MongoDBContextTest.vb:line 97
</StackTrace>
        </ErrorInfo>
      </Output>
    </UnitTestResult>
    <UnitTestResult executionId="533a07f1-3d25-4e9c-9b30-a33f3ddf939c" testId="2188971a-235b-3a95-94ee-0c56faf3b048" testName="MongoInstanceTest" computerName="WSCNS400_V" duration="00:00:01.0113257" startTime="2012-03-20T18:27:33.5088032+08:00" endTime="2012-03-20T18:27:34.5308616+08:00" testType="13cdc9d9-ddb5-4fa4-a97d-d965ccfc6d4b" outcome="Failed" testListId="8c84fa94-04c1-424b-9868-57a2d4851a1d" relativeResultsDirectory="533a07f1-3d25-4e9c-9b30-a33f3ddf939c">
      <Output>
        <ErrorInfo>
          <Message>Test method TestProjectFramework.MongoDBContextTest.MongoInstanceTest threw exception: 
MongoDB.Driver.MongoConnectionException: Unable to connect to server. ---&gt; System.Net.Sockets.SocketException: 由于目标计算机积极拒绝，无法连接。 127.0.0.1:27017</Message>
          <StackTrace>    at System.Net.Sockets.Socket.DoConnect(EndPoint endPointSnapshot, SocketAddress socketAddress)
   at System.Net.Sockets.Socket.Connect(EndPoint remoteEP)
   at System.Net.Sockets.TcpClient.Connect(IPEndPoint remoteEP)
   at MongoDB.Driver.Internal.MongoConnection.Open() in C:\work\10gen\mongodb\mongo-csharp-driver\Driver\Internal\MongoConnection.cs:line 266
   at MongoDB.Driver.Internal.MongoConnection.GetNetworkStream() in C:\work\10gen\mongodb\mongo-csharp-driver\Driver\Internal\MongoConnection.cs:line 409
   at MongoDB.Driver.Internal.MongoConnection.SendMessage(MongoRequestMessage message, SafeMode safeMode) in C:\work\10gen\mongodb\mongo-csharp-driver\Driver\Internal\MongoConnection.cs:line 377
   at MongoDB.Driver.Internal.MongoConnection.RunCommand(String collectionName, QueryFlags queryFlags, CommandDocument command) in C:\work\10gen\mongodb\mongo-csharp-driver\Driver\Internal\MongoConnection.cs:line 296
   at MongoDB.Driver.MongoServerInstance.Connect(Boolean slaveOk) in C:\work\10gen\mongodb\mongo-csharp-driver\Driver\Core\MongoServerInstance.cs:line 252
   at MongoDB.Driver.Internal.DirectConnector.Connect(TimeSpan timeout) in C:\work\10gen\mongodb\mongo-csharp-driver\Driver\Internal\DirectConnector.cs:line 53
 --- End of inner exception stack trace ---
    at MongoDB.Driver.Internal.DirectConnector.Connect(TimeSpan timeout) in C:\work\10gen\mongodb\mongo-csharp-driver\Driver\Internal\DirectConnector.cs:line 67
   at MongoDB.Driver.MongoServer.Connect(TimeSpan timeout) in C:\work\10gen\mongodb\mongo-csharp-driver\Driver\Core\MongoServer.cs:line 431
   at MongoDB.Driver.MongoServer.Connect() in C:\work\10gen\mongodb\mongo-csharp-driver\Driver\Core\MongoServer.cs:line 415
   at MongoDB.Driver.MongoServer.GetServerInstance(Boolean slaveOk) in C:\work\10gen\mongodb\mongo-csharp-driver\Driver\Core\MongoServer.cs:line 949
   at MongoDB.Driver.MongoServer.AcquireConnection(MongoDatabase database, Boolean slaveOk) in C:\work\10gen\mongodb\mongo-csharp-driver\Driver\Core\MongoServer.cs:line 892
   at MongoDB.Driver.MongoCursorEnumerator`1.AcquireConnection() in C:\work\10gen\mongodb\mongo-csharp-driver\Driver\Core\MongoCursorEnumerator.cs:line 184
   at MongoDB.Driver.MongoCursorEnumerator`1.GetFirst() in C:\work\10gen\mongodb\mongo-csharp-driver\Driver\Core\MongoCursorEnumerator.cs:line 194
   at MongoDB.Driver.MongoCursorEnumerator`1.MoveNext() in C:\work\10gen\mongodb\mongo-csharp-driver\Driver\Core\MongoCursorEnumerator.cs:line 126
   at MongoDB.Driver.MongoDatabase.GetCollectionNames() in C:\work\10gen\mongodb\mongo-csharp-driver\Driver\Core\MongoDatabase.cs:line 649
   at Brilliantech.Framework.Utilities.DBUtil.MongoDB.MongoDBContext..ctor(String connStr, String db) in F:\InternalFramework\Brilliantech.Framework\Brilliantech.Framework\Utilities\DBUtil\MongoDB\MongoDBContext.vb:line 21
   at Brilliantech.Framework.Utilities.DBUtil.MongoDB.MongoDBContext..ctor() in F:\InternalFramework\Brilliantech.Framework\Brilliantech.Framework\Utilities\DBUtil\MongoDB\MongoDBContext.vb:line 33
   at TestProjectFramework.MongoDBContextTest.MongoInstanceTest() in F:\InternalFramework\Brilliantech.Framework\TestProjectFramework\MongoDBContextTest.vb:line 119
</StackTrace>
        </ErrorInfo>
      </Output>
    </UnitTestResult>
    <UnitTestResult executionId="99620bc4-82f3-4b7e-9884-c0ebe801e75b" testId="2f440515-0bf2-29a9-3065-24fed161f311" testName="MongoDBContextConstructorTest1" computerName="WSCNS400_V" duration="00:00:01.0048803" startTime="2012-03-20T18:27:34.5408622+08:00" endTime="2012-03-20T18:27:35.5509200+08:00" testType="13cdc9d9-ddb5-4fa4-a97d-d965ccfc6d4b" outcome="Failed" testListId="8c84fa94-04c1-424b-9868-57a2d4851a1d" relativeResultsDirectory="99620bc4-82f3-4b7e-9884-c0ebe801e75b">
      <Output>
        <ErrorInfo>
          <Message>Test method TestProjectFramework.MongoDBContextTest.MongoDBContextConstructorTest1 threw exception: 
MongoDB.Driver.MongoConnectionException: Unable to connect to server. ---&gt; System.Net.Sockets.SocketException: 由于目标计算机积极拒绝，无法连接。 127.0.0.1:27017</Message>
          <StackTrace>    at System.Net.Sockets.Socket.DoConnect(EndPoint endPointSnapshot, SocketAddress socketAddress)
   at System.Net.Sockets.Socket.Connect(EndPoint remoteEP)
   at System.Net.Sockets.TcpClient.Connect(IPEndPoint remoteEP)
   at MongoDB.Driver.Internal.MongoConnection.Open() in C:\work\10gen\mongodb\mongo-csharp-driver\Driver\Internal\MongoConnection.cs:line 266
   at MongoDB.Driver.Internal.MongoConnection.GetNetworkStream() in C:\work\10gen\mongodb\mongo-csharp-driver\Driver\Internal\MongoConnection.cs:line 409
   at MongoDB.Driver.Internal.MongoConnection.SendMessage(MongoRequestMessage message, SafeMode safeMode) in C:\work\10gen\mongodb\mongo-csharp-driver\Driver\Internal\MongoConnection.cs:line 377
   at MongoDB.Driver.Internal.MongoConnection.RunCommand(String collectionName, QueryFlags queryFlags, CommandDocument command) in C:\work\10gen\mongodb\mongo-csharp-driver\Driver\Internal\MongoConnection.cs:line 296
   at MongoDB.Driver.MongoServerInstance.Connect(Boolean slaveOk) in C:\work\10gen\mongodb\mongo-csharp-driver\Driver\Core\MongoServerInstance.cs:line 252
   at MongoDB.Driver.Internal.DirectConnector.Connect(TimeSpan timeout) in C:\work\10gen\mongodb\mongo-csharp-driver\Driver\Internal\DirectConnector.cs:line 53
 --- End of inner exception stack trace ---
    at MongoDB.Driver.Internal.DirectConnector.Connect(TimeSpan timeout) in C:\work\10gen\mongodb\mongo-csharp-driver\Driver\Internal\DirectConnector.cs:line 67
   at MongoDB.Driver.MongoServer.Connect(TimeSpan timeout) in C:\work\10gen\mongodb\mongo-csharp-driver\Driver\Core\MongoServer.cs:line 431
   at MongoDB.Driver.MongoServer.Connect() in C:\work\10gen\mongodb\mongo-csharp-driver\Driver\Core\MongoServer.cs:line 415
   at MongoDB.Driver.MongoServer.GetServerInstance(Boolean slaveOk) in C:\work\10gen\mongodb\mongo-csharp-driver\Driver\Core\MongoServer.cs:line 949
   at MongoDB.Driver.MongoServer.AcquireConnection(MongoDatabase database, Boolean slaveOk) in C:\work\10gen\mongodb\mongo-csharp-driver\Driver\Core\MongoServer.cs:line 892
   at MongoDB.Driver.MongoCursorEnumerator`1.AcquireConnection() in C:\work\10gen\mongodb\mongo-csharp-driver\Driver\Core\MongoCursorEnumerator.cs:line 184
   at MongoDB.Driver.MongoCursorEnumerator`1.GetFirst() in C:\work\10gen\mongodb\mongo-csharp-driver\Driver\Core\MongoCursorEnumerator.cs:line 194
   at MongoDB.Driver.MongoCursorEnumerator`1.MoveNext() in C:\work\10gen\mongodb\mongo-csharp-driver\Driver\Core\MongoCursorEnumerator.cs:line 126
   at MongoDB.Driver.MongoDatabase.GetCollectionNames() in C:\work\10gen\mongodb\mongo-csharp-driver\Driver\Core\MongoDatabase.cs:line 649
   at Brilliantech.Framework.Utilities.DBUtil.MongoDB.MongoDBContext..ctor(String connStr, String db) in F:\InternalFramework\Brilliantech.Framework\Brilliantech.Framework\Utilities\DBUtil\MongoDB\MongoDBContext.vb:line 21
   at Brilliantech.Framework.Utilities.DBUtil.MongoDB.MongoDBContext..ctor() in F:\InternalFramework\Brilliantech.Framework\Brilliantech.Framework\Utilities\DBUtil\MongoDB\MongoDBContext.vb:line 33
   at TestProjectFramework.MongoDBContextTest.MongoDBContextConstructorTest1() in F:\InternalFramework\Brilliantech.Framework\TestProjectFramework\MongoDBContextTest.vb:line 77
</StackTrace>
        </ErrorInfo>
      </Output>
    </UnitTestResult>
    <UnitTestResult executionId="6e65d3ea-491d-4dee-8cef-834631f7c1a7" testId="578bba96-2d20-5a6e-fc15-ccbad05b63d5" testName="DBTest" computerName="WSCNS400_V" duration="00:00:01.0047127" startTime="2012-03-20T18:27:35.5549202+08:00" endTime="2012-03-20T18:27:36.5649780+08:00" testType="13cdc9d9-ddb5-4fa4-a97d-d965ccfc6d4b" outcome="Failed" testListId="8c84fa94-04c1-424b-9868-57a2d4851a1d" relativeResultsDirectory="6e65d3ea-491d-4dee-8cef-834631f7c1a7">
      <Output>
        <ErrorInfo>
          <Message>Test method TestProjectFramework.MongoDBContextTest.DBTest threw exception: 
MongoDB.Driver.MongoConnectionException: Unable to connect to server. ---&gt; System.Net.Sockets.SocketException: 由于目标计算机积极拒绝，无法连接。 127.0.0.1:27017</Message>
          <StackTrace>    at System.Net.Sockets.Socket.DoConnect(EndPoint endPointSnapshot, SocketAddress socketAddress)
   at System.Net.Sockets.Socket.Connect(EndPoint remoteEP)
   at System.Net.Sockets.TcpClient.Connect(IPEndPoint remoteEP)
   at MongoDB.Driver.Internal.MongoConnection.Open() in C:\work\10gen\mongodb\mongo-csharp-driver\Driver\Internal\MongoConnection.cs:line 266
   at MongoDB.Driver.Internal.MongoConnection.GetNetworkStream() in C:\work\10gen\mongodb\mongo-csharp-driver\Driver\Internal\MongoConnection.cs:line 409
   at MongoDB.Driver.Internal.MongoConnection.SendMessage(MongoRequestMessage message, SafeMode safeMode) in C:\work\10gen\mongodb\mongo-csharp-driver\Driver\Internal\MongoConnection.cs:line 377
   at MongoDB.Driver.Internal.MongoConnection.RunCommand(String collectionName, QueryFlags queryFlags, CommandDocument command) in C:\work\10gen\mongodb\mongo-csharp-driver\Driver\Internal\MongoConnection.cs:line 296
   at MongoDB.Driver.MongoServerInstance.Connect(Boolean slaveOk) in C:\work\10gen\mongodb\mongo-csharp-driver\Driver\Core\MongoServerInstance.cs:line 252
   at MongoDB.Driver.Internal.DirectConnector.Connect(TimeSpan timeout) in C:\work\10gen\mongodb\mongo-csharp-driver\Driver\Internal\DirectConnector.cs:line 53
 --- End of inner exception stack trace ---
    at MongoDB.Driver.Internal.DirectConnector.Connect(TimeSpan timeout) in C:\work\10gen\mongodb\mongo-csharp-driver\Driver\Internal\DirectConnector.cs:line 67
   at MongoDB.Driver.MongoServer.Connect(TimeSpan timeout) in C:\work\10gen\mongodb\mongo-csharp-driver\Driver\Core\MongoServer.cs:line 431
   at MongoDB.Driver.MongoServer.Connect() in C:\work\10gen\mongodb\mongo-csharp-driver\Driver\Core\MongoServer.cs:line 415
   at MongoDB.Driver.MongoServer.GetServerInstance(Boolean slaveOk) in C:\work\10gen\mongodb\mongo-csharp-driver\Driver\Core\MongoServer.cs:line 949
   at MongoDB.Driver.MongoServer.AcquireConnection(MongoDatabase database, Boolean slaveOk) in C:\work\10gen\mongodb\mongo-csharp-driver\Driver\Core\MongoServer.cs:line 892
   at MongoDB.Driver.MongoCursorEnumerator`1.AcquireConnection() in C:\work\10gen\mongodb\mongo-csharp-driver\Driver\Core\MongoCursorEnumerator.cs:line 184
   at MongoDB.Driver.MongoCursorEnumerator`1.GetFirst() in C:\work\10gen\mongodb\mongo-csharp-driver\Driver\Core\MongoCursorEnumerator.cs:line 194
   at MongoDB.Driver.MongoCursorEnumerator`1.MoveNext() in C:\work\10gen\mongodb\mongo-csharp-driver\Driver\Core\MongoCursorEnumerator.cs:line 126
   at MongoDB.Driver.MongoDatabase.GetCollectionNames() in C:\work\10gen\mongodb\mongo-csharp-driver\Driver\Core\MongoDatabase.cs:line 649
   at Brilliantech.Framework.Utilities.DBUtil.MongoDB.MongoDBContext..ctor(String connStr, String db) in F:\InternalFramework\Brilliantech.Framework\Brilliantech.Framework\Utilities\DBUtil\MongoDB\MongoDBContext.vb:line 21
   at Brilliantech.Framework.Utilities.DBUtil.MongoDB.MongoDBContext..ctor() in F:\InternalFramework\Brilliantech.Framework\Brilliantech.Framework\Utilities\DBUtil\MongoDB\MongoDBContext.vb:line 33
   at TestProjectFramework.MongoDBContextTest.DBTest() in F:\InternalFramework\Brilliantech.Framework\TestProjectFramework\MongoDBContextTest.vb:line 108
</StackTrace>
        </ErrorInfo>
      </Output>
    </UnitTestResult>
    <UnitTestResult executionId="497bf9fa-351f-4e5a-b5dd-5fb87ed0cbf0" testId="694c0ec0-6ca6-feb5-c26d-0e3ae4d7fe72" testName="CollectionTest" computerName="WSCNS400_V" duration="00:00:01.0040841" startTime="2012-03-20T18:27:36.5729784+08:00" endTime="2012-03-20T18:27:37.5880365+08:00" testType="13cdc9d9-ddb5-4fa4-a97d-d965ccfc6d4b" outcome="Failed" testListId="8c84fa94-04c1-424b-9868-57a2d4851a1d" relativeResultsDirectory="497bf9fa-351f-4e5a-b5dd-5fb87ed0cbf0">
      <Output>
        <ErrorInfo>
          <Message>Test method TestProjectFramework.MongoDBContextTest.CollectionTest threw exception: 
MongoDB.Driver.MongoConnectionException: Unable to connect to server. ---&gt; System.Net.Sockets.SocketException: 由于目标计算机积极拒绝，无法连接。 127.0.0.1:27017</Message>
          <StackTrace>    at System.Net.Sockets.Socket.DoConnect(EndPoint endPointSnapshot, SocketAddress socketAddress)
   at System.Net.Sockets.Socket.Connect(EndPoint remoteEP)
   at System.Net.Sockets.TcpClient.Connect(IPEndPoint remoteEP)
   at MongoDB.Driver.Internal.MongoConnection.Open() in C:\work\10gen\mongodb\mongo-csharp-driver\Driver\Internal\MongoConnection.cs:line 266
   at MongoDB.Driver.Internal.MongoConnection.GetNetworkStream() in C:\work\10gen\mongodb\mongo-csharp-driver\Driver\Internal\MongoConnection.cs:line 409
   at MongoDB.Driver.Internal.MongoConnection.SendMessage(MongoRequestMessage message, SafeMode safeMode) in C:\work\10gen\mongodb\mongo-csharp-driver\Driver\Internal\MongoConnection.cs:line 377
   at MongoDB.Driver.Internal.MongoConnection.RunCommand(String collectionName, QueryFlags queryFlags, CommandDocument command) in C:\work\10gen\mongodb\mongo-csharp-driver\Driver\Internal\MongoConnection.cs:line 296
   at MongoDB.Driver.MongoServerInstance.Connect(Boolean slaveOk) in C:\work\10gen\mongodb\mongo-csharp-driver\Driver\Core\MongoServerInstance.cs:line 252
   at MongoDB.Driver.Internal.DirectConnector.Connect(TimeSpan timeout) in C:\work\10gen\mongodb\mongo-csharp-driver\Driver\Internal\DirectConnector.cs:line 53
 --- End of inner exception stack trace ---
    at MongoDB.Driver.Internal.DirectConnector.Connect(TimeSpan timeout) in C:\work\10gen\mongodb\mongo-csharp-driver\Driver\Internal\DirectConnector.cs:line 67
   at MongoDB.Driver.MongoServer.Connect(TimeSpan timeout) in C:\work\10gen\mongodb\mongo-csharp-driver\Driver\Core\MongoServer.cs:line 431
   at MongoDB.Driver.MongoServer.Connect() in C:\work\10gen\mongodb\mongo-csharp-driver\Driver\Core\MongoServer.cs:line 415
   at MongoDB.Driver.MongoServer.GetServerInstance(Boolean slaveOk) in C:\work\10gen\mongodb\mongo-csharp-driver\Driver\Core\MongoServer.cs:line 949
   at MongoDB.Driver.MongoServer.AcquireConnection(MongoDatabase database, Boolean slaveOk) in C:\work\10gen\mongodb\mongo-csharp-driver\Driver\Core\MongoServer.cs:line 892
   at MongoDB.Driver.MongoCursorEnumerator`1.AcquireConnection() in C:\work\10gen\mongodb\mongo-csharp-driver\Driver\Core\MongoCursorEnumerator.cs:line 184
   at MongoDB.Driver.MongoCursorEnumerator`1.GetFirst() in C:\work\10gen\mongodb\mongo-csharp-driver\Driver\Core\MongoCursorEnumerator.cs:line 194
   at MongoDB.Driver.MongoCursorEnumerator`1.MoveNext() in C:\work\10gen\mongodb\mongo-csharp-driver\Driver\Core\MongoCursorEnumerator.cs:line 126
   at MongoDB.Driver.MongoDatabase.GetCollectionNames() in C:\work\10gen\mongodb\mongo-csharp-driver\Driver\Core\MongoDatabase.cs:line 649
   at Brilliantech.Framework.Utilities.DBUtil.MongoDB.MongoDBContext..ctor(String connStr, String db) in F:\InternalFramework\Brilliantech.Framework\Brilliantech.Framework\Utilities\DBUtil\MongoDB\MongoDBContext.vb:line 21
   at Brilliantech.Framework.Utilities.DBUtil.MongoDB.MongoDBContext..ctor() in F:\InternalFramework\Brilliantech.Framework\Brilliantech.Framework\Utilities\DBUtil\MongoDB\MongoDBContext.vb:line 33
   at TestProjectFramework.MongoDBContextTest.CollectionTest() in F:\InternalFramework\Brilliantech.Framework\TestProjectFramework\MongoDBContextTest.vb:line 86
</StackTrace>
        </ErrorInfo>
      </Output>
    </UnitTestResult>
    <UnitTestResult executionId="8a8c8a35-1a53-4893-a82c-41f0d5e891db" testId="c4be6293-62a1-7af0-59c1-fb94bda8793f" testName="MongoDBContextConstructorTest" computerName="WSCNS400_V" duration="00:00:01.0119919" startTime="2012-03-20T18:27:37.5900366+08:00" endTime="2012-03-20T18:27:38.6050947+08:00" testType="13cdc9d9-ddb5-4fa4-a97d-d965ccfc6d4b" outcome="Failed" testListId="8c84fa94-04c1-424b-9868-57a2d4851a1d" relativeResultsDirectory="8a8c8a35-1a53-4893-a82c-41f0d5e891db">
      <Output>
        <ErrorInfo>
          <Message>Test method TestProjectFramework.MongoDBContextTest.MongoDBContextConstructorTest threw exception: 
MongoDB.Driver.MongoConnectionException: Unable to connect to server. ---&gt; System.Net.Sockets.SocketException: 由于目标计算机积极拒绝，无法连接。 127.0.0.1:27017</Message>
          <StackTrace>    at System.Net.Sockets.Socket.DoConnect(EndPoint endPointSnapshot, SocketAddress socketAddress)
   at System.Net.Sockets.Socket.Connect(EndPoint remoteEP)
   at System.Net.Sockets.TcpClient.Connect(IPEndPoint remoteEP)
   at MongoDB.Driver.Internal.MongoConnection.Open() in C:\work\10gen\mongodb\mongo-csharp-driver\Driver\Internal\MongoConnection.cs:line 266
   at MongoDB.Driver.Internal.MongoConnection.GetNetworkStream() in C:\work\10gen\mongodb\mongo-csharp-driver\Driver\Internal\MongoConnection.cs:line 409
   at MongoDB.Driver.Internal.MongoConnection.SendMessage(MongoRequestMessage message, SafeMode safeMode) in C:\work\10gen\mongodb\mongo-csharp-driver\Driver\Internal\MongoConnection.cs:line 377
   at MongoDB.Driver.Internal.MongoConnection.RunCommand(String collectionName, QueryFlags queryFlags, CommandDocument command) in C:\work\10gen\mongodb\mongo-csharp-driver\Driver\Internal\MongoConnection.cs:line 296
   at MongoDB.Driver.MongoServerInstance.Connect(Boolean slaveOk) in C:\work\10gen\mongodb\mongo-csharp-driver\Driver\Core\MongoServerInstance.cs:line 252
   at MongoDB.Driver.Internal.DirectConnector.Connect(TimeSpan timeout) in C:\work\10gen\mongodb\mongo-csharp-driver\Driver\Internal\DirectConnector.cs:line 53
 --- End of inner exception stack trace ---
    at MongoDB.Driver.Internal.DirectConnector.Connect(TimeSpan timeout) in C:\work\10gen\mongodb\mongo-csharp-driver\Driver\Internal\DirectConnector.cs:line 67
   at MongoDB.Driver.MongoServer.Connect(TimeSpan timeout) in C:\work\10gen\mongodb\mongo-csharp-driver\Driver\Core\MongoServer.cs:line 431
   at MongoDB.Driver.MongoServer.Connect() in C:\work\10gen\mongodb\mongo-csharp-driver\Driver\Core\MongoServer.cs:line 415
   at MongoDB.Driver.MongoServer.GetServerInstance(Boolean slaveOk) in C:\work\10gen\mongodb\mongo-csharp-driver\Driver\Core\MongoServer.cs:line 949
   at MongoDB.Driver.MongoServer.AcquireConnection(MongoDatabase database, Boolean slaveOk) in C:\work\10gen\mongodb\mongo-csharp-driver\Driver\Core\MongoServer.cs:line 892
   at MongoDB.Driver.MongoCursorEnumerator`1.AcquireConnection() in C:\work\10gen\mongodb\mongo-csharp-driver\Driver\Core\MongoCursorEnumerator.cs:line 184
   at MongoDB.Driver.MongoCursorEnumerator`1.GetFirst() in C:\work\10gen\mongodb\mongo-csharp-driver\Driver\Core\MongoCursorEnumerator.cs:line 194
   at MongoDB.Driver.MongoCursorEnumerator`1.MoveNext() in C:\work\10gen\mongodb\mongo-csharp-driver\Driver\Core\MongoCursorEnumerator.cs:line 126
   at MongoDB.Driver.MongoDatabase.GetCollectionNames() in C:\work\10gen\mongodb\mongo-csharp-driver\Driver\Core\MongoDatabase.cs:line 649
   at Brilliantech.Framework.Utilities.DBUtil.MongoDB.MongoDBContext..ctor(String connStr, String db) in F:\InternalFramework\Brilliantech.Framework\Brilliantech.Framework\Utilities\DBUtil\MongoDB\MongoDBContext.vb:line 21
   at TestProjectFramework.MongoDBContextTest.MongoDBContextConstructorTest() in F:\InternalFramework\Brilliantech.Framework\TestProjectFramework\MongoDBContextTest.vb:line 68
</StackTrace>
        </ErrorInfo>
      </Output>
    </UnitTestResult>
  </Results>
</TestRun>