<?xml version="1.0" encoding="UTF-8"?>
<TestRun id="289eeb8f-12bb-406d-b93e-0289bcb3b990" name="lenovo@WSCNS400 2011-10-19 10:45:57" runUser="WSCNS400\lenovo" xmlns="http://microsoft.com/schemas/VisualStudio/TeamTest/2010">
  <TestSettings name="Local" id="4c445a77-c5eb-4fa4-a307-8d69a027c82f">
    <Description>These are default test settings for a local test run.</Description>
    <Deployment userDeploymentRoot="F:\InternalFramework\Brilliantech.Framework\TestResults" useDefaultDeploymentRoot="false" enabled="false" runDeploymentRoot="lenovo_WSCNS400 2011-10-19 10_45_57">
      <DeploymentItem filename="F:\InternalFramework\Brilliantech.Framework\Brilliantech.Framework\bin\Debug\Brilliantech.Framework.dll" />
      <DeploymentItem filename="C:\Users\lenovo\Desktop\项目\用户管理\Code\SessionManager\SessionManager\bin\Debug\MongoDB.Bson.dll" />
      <DeploymentItem filename="C:\Users\lenovo\Desktop\项目\用户管理\Code\SessionManager\SessionManager\bin\Debug\MongoDB.Driver.dll" />
    </Deployment>
    <Execution>
      <TestTypeSpecific />
      <AgentRule name="Execution Agents">
      </AgentRule>
    </Execution>
  </TestSettings>
  <Times creation="2011-10-19T10:45:57.6771842+08:00" queuing="2011-10-19T10:46:00.7513600+08:00" start="2011-10-19T10:46:00.8793674+08:00" finish="2011-10-19T10:47:16.2706795+08:00" />
  <ResultSummary outcome="Error">
    <Counters total="1" executed="1" error="0" failed="0" timeout="0" aborted="1" inconclusive="0" passedButRunAborted="0" notRunnable="0" notExecuted="0" disconnected="0" warning="0" passed="0" completed="0" inProgress="0" pending="0" />
    <RunInfos>
      <RunInfo computerName="WSCNS400" outcome="Error" timestamp="2011-10-19T10:47:16.2636791+08:00">
        <Text>Test host process exited unexpectedly.</Text>
      </RunInfo>
    </RunInfos>
  </ResultSummary>
  <TestDefinitions>
    <UnitTest name="MongoDBContextConstructorTest" storage="f:\internalframework\brilliantech.framework\testprojectframework\bin\debug\testprojectframework.dll" id="c4be6293-62a1-7af0-59c1-fb94bda8793f">
      <Execution id="55ca5200-6efd-4873-887e-f810de61efce" />
      <TestMethod codeBase="F:/InternalFramework/Brilliantech.Framework/TestProjectFramework/bin/Debug/TestProjectFramework.DLL" adapterTypeName="Microsoft.VisualStudio.TestTools.TestTypes.Unit.UnitTestAdapter, Microsoft.VisualStudio.QualityTools.Tips.UnitTest.Adapter, Version=10.0.0.0, Culture=neutral, PublicKeyToken=b03f5f7f11d50a3a" className="TestProjectFramework.MongoDBContextTest, TestProjectFramework, Version=1.0.0.0, Culture=neutral, PublicKeyToken=null" name="MongoDBContextConstructorTest" />
    </UnitTest>
  </TestDefinitions>
  <TestLists>
    <TestList name="Results Not in a List" id="8c84fa94-04c1-424b-9868-57a2d4851a1d" />
    <TestList name="All Loaded Results" id="19431567-8539-422a-85d7-44ee4e166bda" />
  </TestLists>
  <TestEntries>
    <TestEntry testId="c4be6293-62a1-7af0-59c1-fb94bda8793f" executionId="55ca5200-6efd-4873-887e-f810de61efce" testListId="8c84fa94-04c1-424b-9868-57a2d4851a1d" />
  </TestEntries>
  <Results>
    <UnitTestResult executionId="55ca5200-6efd-4873-887e-f810de61efce" testId="c4be6293-62a1-7af0-59c1-fb94bda8793f" testName="MongoDBContextConstructorTest" computerName="WSCNS400" duration="00:01:15.2843060" startTime="2011-10-19T10:46:00.9863735+08:00" endTime="2011-10-19T10:47:16.2706795+08:00" testType="13cdc9d9-ddb5-4fa4-a97d-d965ccfc6d4b" outcome="Aborted" testListId="8c84fa94-04c1-424b-9868-57a2d4851a1d" relativeResultsDirectory="55ca5200-6efd-4873-887e-f810de61efce">
    </UnitTestResult>
  </Results>
</TestRun>