<?xml version="1.0" encoding="UTF-8"?>
<TestRun id="1b67aec2-cfcc-4faf-b37c-3943544d1ed7" name="lenovo@WSCNS400 2011-11-21 22:03:36" runUser="WSCNS400\lenovo" xmlns="http://microsoft.com/schemas/VisualStudio/TeamTest/2010">
  <TestSettings name="Local" id="bd086e4c-febc-4340-b297-037b6b5a236b">
    <Description>These are default test settings for a local test run.</Description>
    <Deployment enabled="false" runDeploymentRoot="lenovo_WSCNS400 2011-11-21 22_03_36">
      <DeploymentItem filename="F:\InternalFramework\Brilliantech.ReportGenConnector\Brilliantech.ReportGenConnector\bin\Debug\Brilliantech.ReportGenConnector.dll" />
      <DeploymentItem filename="C:\Program Files\TEC-IT\TFORMer6\Bin\TECIT.TFORMer.dll" />
    </Deployment>
    <Execution>
      <TestTypeSpecific />
      <AgentRule name="Execution Agents">
      </AgentRule>
    </Execution>
  </TestSettings>
  <Times creation="2011-11-21T22:03:36.0568024+08:00" queuing="2011-11-21T22:03:36.1508078+08:00" start="2011-11-21T22:03:36.1688088+08:00" finish="2011-11-21T22:03:37.3018736+08:00" />
  <ResultSummary outcome="Completed">
    <Counters total="1" executed="1" passed="1" error="0" failed="0" timeout="0" aborted="0" inconclusive="0" passedButRunAborted="0" notRunnable="0" notExecuted="0" disconnected="0" warning="0" completed="0" inProgress="0" pending="0" />
  </ResultSummary>
  <TestDefinitions>
    <UnitTest name="PrintTest" storage="f:\internalframework\brilliantech.reportgenconnector\testproject\bin\debug\testproject.dll" id="20fc3fd8-bafa-5309-a77f-d91cad39e258">
      <Execution id="dd77721d-8cf4-4c93-a658-dc6597113176" />
      <TestMethod codeBase="F:/InternalFramework/Brilliantech.ReportGenConnector/TestProject/bin/Debug/TestProject.DLL" adapterTypeName="Microsoft.VisualStudio.TestTools.TestTypes.Unit.UnitTestAdapter, Microsoft.VisualStudio.QualityTools.Tips.UnitTest.Adapter, Version=10.0.0.0, Culture=neutral, PublicKeyToken=b03f5f7f11d50a3a" className="TestProject.TecITGenerTest, TestProject, Version=1.0.0.0, Culture=neutral, PublicKeyToken=null" name="PrintTest" />
    </UnitTest>
  </TestDefinitions>
  <TestLists>
    <TestList name="Results Not in a List" id="8c84fa94-04c1-424b-9868-57a2d4851a1d" />
    <TestList name="All Loaded Results" id="19431567-8539-422a-85d7-44ee4e166bda" />
  </TestLists>
  <TestEntries>
    <TestEntry testId="20fc3fd8-bafa-5309-a77f-d91cad39e258" executionId="dd77721d-8cf4-4c93-a658-dc6597113176" testListId="8c84fa94-04c1-424b-9868-57a2d4851a1d" />
  </TestEntries>
  <Results>
    <UnitTestResult executionId="dd77721d-8cf4-4c93-a658-dc6597113176" testId="20fc3fd8-bafa-5309-a77f-d91cad39e258" testName="PrintTest" computerName="WSCNS400" duration="00:00:00.7470727" startTime="2011-11-21T22:03:36.1758092+08:00" endTime="2011-11-21T22:03:37.2638714+08:00" testType="13cdc9d9-ddb5-4fa4-a97d-d965ccfc6d4b" outcome="Passed" testListId="8c84fa94-04c1-424b-9868-57a2d4851a1d" relativeResultsDirectory="dd77721d-8cf4-4c93-a658-dc6597113176">
    </UnitTestResult>
  </Results>
</TestRun>