<?xml version="1.0" encoding="UTF-8"?>
<TestRun id="396ae086-2145-47a0-bad0-0fa72f9999d9" name="tianyi@NBSTY01 2012-09-14 07:57:42" runUser="NBSTY01\tianyi" xmlns="http://microsoft.com/schemas/VisualStudio/TeamTest/2010">
  <TestSettings name="本地" id="f7471ad7-7223-4255-adc8-bfedd733e2e1">
    <Description>这些设置为本地测试运行的默认测试设置。</Description>
    <Deployment userDeploymentRoot="D:\Code\leonipack\Package代码\Brilliantech.PackagingWS\TestResults" useDefaultDeploymentRoot="false" enabled="false" runDeploymentRoot="tianyi_NBSTY01 2012-09-14 07_57_42">
      <DeploymentItem filename="D:\Code\leonipack\Package代码\Brilliantech.PackagingWS\Brilliantech.Packaging.Data\bin\Release\Brilliantech.Packaging.Data.dll" />
      <DeploymentItem filename="D:\Code\leonipack\Package代码\Brilliantech.PackagingWS\Brilliantech.PackagingWS\bin\Release\Nini.dll" />
      <DeploymentItem filename="D:\Code\leonipack\Package代码\Brilliantech.PackagingWS\Brilliantech.PackagingWS\bin\Release\Brilliantech.Packaging.WS.dll" />
      <DeploymentItem filename="D:\Code\InternalFramework\Brilliantech.Framework\Brilliantech.Framework\bin\Release\Brilliantech.Framework.dll" />
      <DeploymentItem filename="D:\Code\InternalFramework\Brilliantech.ReportGenConnector\Brilliantech.ReportGenConnector\bin\Release\Brilliantech.ReportGenConnector.dll" />
    </Deployment>
    <Execution>
      <TestTypeSpecific />
      <AgentRule name="Execution Agents">
      </AgentRule>
    </Execution>
  </TestSettings>
  <Times creation="2012-09-14T07:57:42.0183511+08:00" queuing="2012-09-14T07:57:43.6780618+08:00" start="2012-09-14T07:57:43.8900887+08:00" finish="2012-09-14T07:58:18.9040349+08:00" />
  <ResultSummary outcome="Failed">
    <Counters total="1" executed="1" error="0" failed="1" timeout="0" aborted="0" inconclusive="0" passedButRunAborted="0" notRunnable="0" notExecuted="0" disconnected="0" warning="0" passed="0" completed="0" inProgress="0" pending="0" />
  </ResultSummary>
  <TestDefinitions>
    <UnitTest name="FindSinglePackageTest" storage="d:\code\leonipack\package代码\brilliantech.packagingws\testproject\bin\release\testproject.dll" id="627a1589-8036-7039-ea4f-4a067a5d2600">
      <Execution id="171a8929-bb4f-4233-a8e3-a3028c8c1111" />
      <TestMethod codeBase="D:/Code/leonipack/Package代码/Brilliantech.PackagingWS/TestProject/bin/Release/TestProject.DLL" adapterTypeName="Microsoft.VisualStudio.TestTools.TestTypes.Unit.UnitTestAdapter, Microsoft.VisualStudio.QualityTools.Tips.UnitTest.Adapter, Version=10.0.0.0, Culture=neutral, PublicKeyToken=b03f5f7f11d50a3a" className="TestProject.SinglePackageRepoTest, TestProject, Version=1.0.0.0, Culture=neutral, PublicKeyToken=null" name="FindSinglePackageTest" />
    </UnitTest>
  </TestDefinitions>
  <TestLists>
    <TestList name="列表中未列出的结果" id="8c84fa94-04c1-424b-9868-57a2d4851a1d" />
    <TestList name="所有已加载的结果" id="19431567-8539-422a-85d7-44ee4e166bda" />
  </TestLists>
  <TestEntries>
    <TestEntry testId="627a1589-8036-7039-ea4f-4a067a5d2600" executionId="171a8929-bb4f-4233-a8e3-a3028c8c1111" testListId="8c84fa94-04c1-424b-9868-57a2d4851a1d" />
  </TestEntries>
  <Results>
    <UnitTestResult executionId="171a8929-bb4f-4233-a8e3-a3028c8c1111" testId="627a1589-8036-7039-ea4f-4a067a5d2600" testName="FindSinglePackageTest" computerName="NBSTY01" duration="00:00:33.1634842" startTime="2012-09-14T07:57:44.0726119+08:00" endTime="2012-09-14T07:58:18.6219991+08:00" testType="13cdc9d9-ddb5-4fa4-a97d-d965ccfc6d4b" outcome="Failed" testListId="8c84fa94-04c1-424b-9868-57a2d4851a1d" relativeResultsDirectory="171a8929-bb4f-4233-a8e3-a3028c8c1111">
      <Output>
        <ErrorInfo>
          <Message>测试方法 TestProject.SinglePackageRepoTest.FindSinglePackageTest 引发了异常: 
System.NotSupportedException: 不支持用于查询运算符“Contains”的重载。</Message>
          <StackTrace>    在 System.Data.Linq.SqlClient.QueryConverter.VisitSequenceOperatorCall(MethodCallExpression mc)
   在 System.Data.Linq.SqlClient.QueryConverter.VisitMethodCall(MethodCallExpression mc)
   在 System.Data.Linq.SqlClient.QueryConverter.VisitInner(Expression node)
   在 System.Data.Linq.SqlClient.QueryConverter.VisitExpression(Expression exp)
   在 System.Data.Linq.SqlClient.QueryConverter.VisitCast(UnaryExpression c)
   在 System.Data.Linq.SqlClient.QueryConverter.VisitInner(Expression node)
   在 System.Data.Linq.SqlClient.QueryConverter.VisitExpression(Expression exp)
   在 System.Data.Linq.SqlClient.QueryConverter.VisitMethodCall(MethodCallExpression mc)
   在 System.Data.Linq.SqlClient.QueryConverter.VisitInner(Expression node)
   在 System.Data.Linq.SqlClient.QueryConverter.VisitExpression(Expression exp)
   在 System.Data.Linq.SqlClient.QueryConverter.VisitCast(UnaryExpression c)
   在 System.Data.Linq.SqlClient.QueryConverter.VisitInner(Expression node)
   在 System.Data.Linq.SqlClient.QueryConverter.VisitExpression(Expression exp)
   在 System.Data.Linq.SqlClient.QueryConverter.VisitWhere(Expression sequence, LambdaExpression predicate)
   在 System.Data.Linq.SqlClient.QueryConverter.VisitSequenceOperatorCall(MethodCallExpression mc)
   在 System.Data.Linq.SqlClient.QueryConverter.VisitMethodCall(MethodCallExpression mc)
   在 System.Data.Linq.SqlClient.QueryConverter.VisitInner(Expression node)
   在 System.Data.Linq.SqlClient.QueryConverter.VisitWhere(Expression sequence, LambdaExpression predicate)
   在 System.Data.Linq.SqlClient.QueryConverter.VisitSequenceOperatorCall(MethodCallExpression mc)
   在 System.Data.Linq.SqlClient.QueryConverter.VisitMethodCall(MethodCallExpression mc)
   在 System.Data.Linq.SqlClient.QueryConverter.VisitInner(Expression node)
   在 System.Data.Linq.SqlClient.QueryConverter.VisitWhere(Expression sequence, LambdaExpression predicate)
   在 System.Data.Linq.SqlClient.QueryConverter.VisitSequenceOperatorCall(MethodCallExpression mc)
   在 System.Data.Linq.SqlClient.QueryConverter.VisitMethodCall(MethodCallExpression mc)
   在 System.Data.Linq.SqlClient.QueryConverter.VisitInner(Expression node)
   在 System.Data.Linq.SqlClient.QueryConverter.ConvertOuter(Expression node)
   在 System.Data.Linq.SqlClient.SqlProvider.BuildQuery(Expression query, SqlNodeAnnotations annotations)
   在 System.Data.Linq.SqlClient.SqlProvider.System.Data.Linq.Provider.IProvider.GetQueryText(Expression query)
   在 System.Data.Linq.DataQuery`1.ToString()
</StackTrace>
        </ErrorInfo>
      </Output>
    </UnitTestResult>
  </Results>
</TestRun>