<?xml version="1.0" encoding="UTF-8"?>
<TestRun id="e49c3eda-9f4e-4c43-a75b-5e427743bd04" name="tianyi@NBSTY01 2012-09-14 13:52:31" runUser="NBSTY01\tianyi" xmlns="http://microsoft.com/schemas/VisualStudio/TeamTest/2010">
  <TestSettings name="本地" id="f7471ad7-7223-4255-adc8-bfedd733e2e1">
    <Description>这些设置为本地测试运行的默认测试设置。</Description>
    <Deployment userDeploymentRoot="D:\Code\leonipack\Package代码\Brilliantech.PackagingWS\TestResults" useDefaultDeploymentRoot="false" enabled="false" runDeploymentRoot="tianyi_NBSTY01 2012-09-14 13_52_31">
      <DeploymentItem filename="D:\Code\leonipack\Package代码\Brilliantech.PackagingWS\Brilliantech.Packaging.Data\bin\Release\Brilliantech.Packaging.Data.dll" />
      <DeploymentItem filename="D:\Code\leonipack\Package代码\Brilliantech.PackagingWS\Brilliantech.PackagingWS\bin\Release\Nini.dll" />
      <DeploymentItem filename="D:\Code\leonipack\Package代码\Brilliantech.PackagingWS\Brilliantech.PackagingWS\bin\Release\Brilliantech.Packaging.WS.dll" />
      <DeploymentItem filename="D:\Code\InternalFramework\Brilliantech.Framework\Brilliantech.Framework\bin\Release\Brilliantech.Framework.dll" />
      <DeploymentItem filename="D:\Code\InternalFramework\Brilliantech.ReportGenConnector\Brilliantech.ReportGenConnector\bin\Release\Brilliantech.ReportGenConnector.dll" />
    </Deployment>
    <Execution>
      <TestTypeSpecific />
      <AgentRule name="Execution Agents">
      </AgentRule>
    </Execution>
  </TestSettings>
  <Times creation="2012-09-14T13:52:31.8604892+08:00" queuing="2012-09-14T13:52:37.5602130+08:00" start="2012-09-14T13:52:38.3718161+08:00" finish="2012-09-14T13:53:12.3446301+08:00" />
  <ResultSummary outcome="Error">
    <Counters total="1" executed="1" error="0" failed="0" timeout="0" aborted="1" inconclusive="0" passedButRunAborted="0" notRunnable="0" notExecuted="0" disconnected="0" warning="0" passed="0" completed="0" inProgress="0" pending="0" />
    <RunInfos>
      <RunInfo computerName="NBSTY01" outcome="Error" timestamp="2012-09-14T13:53:12.3431299+08:00">
        <Text>测试宿主进程意外退出。</Text>
      </RunInfo>
    </RunInfos>
  </ResultSummary>
  <TestDefinitions>
    <UnitTest name="GetPackageStatusTest" storage="d:\code\leonipack\package代码\brilliantech.packagingws\testproject\bin\release\testproject.dll" id="9633370c-0b24-7b05-70b4-e8fbe7533cfa">
      <Execution id="c3dab94d-99c2-40df-bbe1-b94009ce4181" />
      <TestMethod codeBase="D:/Code/leonipack/Package代码/Brilliantech.PackagingWS/TestProject/bin/Release/TestProject.DLL" adapterTypeName="Microsoft.VisualStudio.TestTools.TestTypes.Unit.UnitTestAdapter, Microsoft.VisualStudio.QualityTools.Tips.UnitTest.Adapter, Version=10.0.0.0, Culture=neutral, PublicKeyToken=b03f5f7f11d50a3a" className="TestProject.PackProcessTest, TestProject, Version=1.0.0.0, Culture=neutral, PublicKeyToken=null" name="GetPackageStatusTest" />
    </UnitTest>
  </TestDefinitions>
  <TestLists>
    <TestList name="列表中未列出的结果" id="8c84fa94-04c1-424b-9868-57a2d4851a1d" />
    <TestList name="所有已加载的结果" id="19431567-8539-422a-85d7-44ee4e166bda" />
  </TestLists>
  <TestEntries>
    <TestEntry testId="9633370c-0b24-7b05-70b4-e8fbe7533cfa" executionId="c3dab94d-99c2-40df-bbe1-b94009ce4181" testListId="8c84fa94-04c1-424b-9868-57a2d4851a1d" />
  </TestEntries>
  <Results>
    <UnitTestResult executionId="c3dab94d-99c2-40df-bbe1-b94009ce4181" testId="9633370c-0b24-7b05-70b4-e8fbe7533cfa" testName="GetPackageStatusTest" computerName="NBSTY01" duration="00:00:33.7632874" startTime="2012-09-14T13:52:38.5813427+08:00" endTime="2012-09-14T13:53:12.3446301+08:00" testType="13cdc9d9-ddb5-4fa4-a97d-d965ccfc6d4b" outcome="Aborted" testListId="8c84fa94-04c1-424b-9868-57a2d4851a1d" relativeResultsDirectory="c3dab94d-99c2-40df-bbe1-b94009ce4181">
    </UnitTestResult>
  </Results>
</TestRun>