<?xml version="1.0" encoding="UTF-8"?>
<TestRun id="d7479f71-c857-4c4a-a6ec-7b3068fb3f6d" name="tianyi@NBSTY01 2012-09-14 08:09:45" runUser="NBSTY01\tianyi" xmlns="http://microsoft.com/schemas/VisualStudio/TeamTest/2010">
  <TestSettings name="本地" id="f7471ad7-7223-4255-adc8-bfedd733e2e1">
    <Description>这些设置为本地测试运行的默认测试设置。</Description>
    <Deployment enabled="false" runDeploymentRoot="tianyi_NBSTY01 2012-09-14 08_09_45">
      <DeploymentItem filename="D:\Code\leonipack\Package代码\Brilliantech.PackagingWS\Brilliantech.Packaging.Data\bin\Release\Brilliantech.Packaging.Data.dll" />
      <DeploymentItem filename="D:\Code\leonipack\Package代码\Brilliantech.PackagingWS\Brilliantech.PackagingWS\bin\Release\Nini.dll" />
      <DeploymentItem filename="D:\Code\leonipack\Package代码\Brilliantech.PackagingWS\Brilliantech.PackagingWS\bin\Release\Brilliantech.Packaging.WS.dll" />
      <DeploymentItem filename="D:\Code\InternalFramework\Brilliantech.Framework\Brilliantech.Framework\bin\Release\Brilliantech.Framework.dll" />
      <DeploymentItem filename="D:\Code\InternalFramework\Brilliantech.ReportGenConnector\Brilliantech.ReportGenConnector\bin\Release\Brilliantech.ReportGenConnector.dll" />
    </Deployment>
    <Execution>
      <TestTypeSpecific />
      <AgentRule name="Execution Agents">
      </AgentRule>
    </Execution>
  </TestSettings>
  <Times creation="2012-09-14T08:09:45.0901695+08:00" queuing="2012-09-14T08:09:45.4082099+08:00" start="2012-09-14T08:09:45.4607166+08:00" finish="2012-09-14T08:09:46.0567923+08:00" />
  <ResultSummary outcome="Failed">
    <Counters total="1" executed="1" error="0" failed="1" timeout="0" aborted="0" inconclusive="0" passedButRunAborted="0" notRunnable="0" notExecuted="0" disconnected="0" warning="0" passed="0" completed="0" inProgress="0" pending="0" />
  </ResultSummary>
  <TestDefinitions>
    <UnitTest name="FindSinglePackageTest" storage="d:\code\leonipack\package代码\brilliantech.packagingws\testproject\bin\release\testproject.dll" id="627a1589-8036-7039-ea4f-4a067a5d2600">
      <Execution id="f095e344-4e7a-4b62-9c42-c8a67bea80fe" />
      <TestMethod codeBase="D:/Code/leonipack/Package代码/Brilliantech.PackagingWS/TestProject/bin/Release/TestProject.DLL" adapterTypeName="Microsoft.VisualStudio.TestTools.TestTypes.Unit.UnitTestAdapter, Microsoft.VisualStudio.QualityTools.Tips.UnitTest.Adapter, Version=10.0.0.0, Culture=neutral, PublicKeyToken=b03f5f7f11d50a3a" className="TestProject.SinglePackageRepoTest, TestProject, Version=1.0.0.0, Culture=neutral, PublicKeyToken=null" name="FindSinglePackageTest" />
    </UnitTest>
  </TestDefinitions>
  <TestLists>
    <TestList name="列表中未列出的结果" id="8c84fa94-04c1-424b-9868-57a2d4851a1d" />
    <TestList name="所有已加载的结果" id="19431567-8539-422a-85d7-44ee4e166bda" />
  </TestLists>
  <TestEntries>
    <TestEntry testId="627a1589-8036-7039-ea4f-4a067a5d2600" executionId="f095e344-4e7a-4b62-9c42-c8a67bea80fe" testListId="8c84fa94-04c1-424b-9868-57a2d4851a1d" />
  </TestEntries>
  <Results>
    <UnitTestResult executionId="f095e344-4e7a-4b62-9c42-c8a67bea80fe" testId="627a1589-8036-7039-ea4f-4a067a5d2600" testName="FindSinglePackageTest" computerName="NBSTY01" duration="00:00:00.1493216" startTime="2012-09-14T08:09:45.4752184+08:00" endTime="2012-09-14T08:09:45.9697812+08:00" testType="13cdc9d9-ddb5-4fa4-a97d-d965ccfc6d4b" outcome="Failed" testListId="8c84fa94-04c1-424b-9868-57a2d4851a1d" relativeResultsDirectory="f095e344-4e7a-4b62-9c42-c8a67bea80fe">
      <Output>
        <ErrorInfo>
          <Message>测试方法 TestProject.SinglePackageRepoTest.FindSinglePackageTest 引发了异常: 
System.InvalidCastException: 无法将类型为“System.Data.Linq.DataQuery`1[VB$AnonymousType_0`2[Brilliantech.Packaging.Data.SinglePackage,Brilliantech.Packaging.Data.PackageItem]]”的对象强制转换为类型“System.Linq.IQueryable`1[Brilliantech.Packaging.Data.SinglePackage]”。</Message>
          <StackTrace>    在 Brilliantech.Packaging.WS.SinglePackageRepo.FindSinglePackage(String pid, String wrkstnr, String tnr, String partnr, PackageStatus status, DateTime fromDate, DateTime toDate) 位置 D:\Code\leonipack\Package代码\Brilliantech.PackagingWS\Brilliantech.PackagingWS\Repository\LinqImpl\SinglePackageRepo.vb:行号 152
   在 TestProject.SinglePackageRepoTest.FindSinglePackageTest() 位置 D:\Code\leonipack\Package代码\Brilliantech.PackagingWS\TestProject\SinglePackageRepoTest.cs:行号 85
</StackTrace>
        </ErrorInfo>
      </Output>
    </UnitTestResult>
  </Results>
</TestRun>